ScoreChance
ScoreTwoPair
ScoreFullHouse
ScoreYatzy
ScoreSmallStraight
ScoreLargeStraight
ScoreNumber
ScoreOfAKind
